<?xml version='1.0' encoding='UTF-8'?>
<rss xmlns:excerpt="http://wordpress.org/export/1.2/excerpt/" xmlns:content="http://purl.org/rss/1.0/modules/content/" xmlns:wfw="http://wellformedweb.org/CommentAPI/" xmlns:dc="http://purl.org/dc/elements/1.1/" xmlns:wp="http://wordpress.org/export/1.2/" version="2.0">
  <channel>
    <item>
      <title>テスト01</title>
      <link>https://example.com/posts/test01</link>
      <dc:creator></dc:creator>
      <guid isPermaLink="false">test01</guid>
      <description/>
      <content:encoded><![CDATA[<p>これはテストです。</p>]]></content:encoded>
      <excerpt:encoded/>
      <pubDate>Sun, 21 Apr 2024 15:53:11 +0900</pubDate>
      <wp:post_date><![CDATA[2024-04-21 15:53:11]]></wp:post_date>
      <wp:post_date_gmt><![CDATA[2024-04-21 06:53:11]]></wp:post_date_gmt>
      <wp:post_modified><![CDATA[2024-04-21 15:53:11]]></wp:post_modified>
      <wp:post_modified_gmt><![CDATA[2024-04-21 06:53:11]]></wp:post_modified_gmt>
      <wp:comment_status><![CDATA[open]]></wp:comment_status>
      <wp:ping_status><![CDATA[open]]></wp:ping_status>
      <wp:post_name><![CDATA[%E3%83%86%E3%82%B9%E3%83%8801]]></wp:post_name>
      <wp:status><![CDATA[publish]]></wp:status>
      <wp:post_parent>0</wp:post_parent>
      <wp:menu_order>0</wp:menu_order>
      <wp:post_type><![CDATA[post]]></wp:post_type>
      <wp:post_password><![CDATA[]]></wp:post_password>
      <wp:is_sticky>0</wp:is_sticky>
    </item>
  </channel>
</rss>
